// Jest Snapshot v1, https://goo.gl/fbAQLP

exports[`Stars list unit test should render my component 1`] = `
Array [
  <FlatList
    data={Array []}
    disableVirtualization={false}
    horizontal={true}
    initialNumToRender={10}
    keyExtractor={[Function]}
    maxToRenderPerBatch={10}
    numColumns={1}
    onEndReachedThreshold={2}
    removeClippedSubviews={false}
    renderItem={[Function]}
    scrollEventThrottle={50}
    updateCellsBatchingPeriod={50}
    windowSize={21}
  />,
]
`;
